// Jest Snapshot v1, https://goo.gl/fbAQLP

exports[`renders the same way every time 1`] = `
<div>
  Loading...
</div>
`;
